
Discarded input sections

 .text          0x00000000        0x0 pff_ard.o
 .data          0x00000000        0x0 pff_ard.o
 .bss           0x00000000        0x0 pff_ard.o
 .data.n_INITFINAL
                0x00000000        0x2 pff_ard.o
 .data.n_FPC_THREADVARTABLES
                0x00000000        0x4 pff_ard.o
 .data.n_FPC_RESOURCESTRINGTABLES
                0x00000000        0x2 pff_ard.o
 .data.n_FPC_WIDEINITTABLES
                0x00000000        0x2 pff_ard.o
 .data.n_FPC_RESSTRINITTABLES
                0x00000000        0x2 pff_ard.o
 .fpc.n_version
                0x00000000       0x29 pff_ard.o
 .data.n___stklen
                0x00000000        0x2 pff_ard.o
 .data.n___heapsize
                0x00000000        0x2 pff_ard.o
 .bss.n___fpc_initialheap
                0x00000000       0x80 pff_ard.o
 .data.n___fpc_valgrind
                0x00000000        0x2 pff_ard.o
 .text          0x00000000        0x0 C:\OLD_DISK\C_DISK\fpc-avr\units\avr-embedded\rtl\system.o
 .data          0x00000000        0x0 C:\OLD_DISK\C_DISK\fpc-avr\units\avr-embedded\rtl\system.o
 .bss           0x00000000        0x0 C:\OLD_DISK\C_DISK\fpc-avr\units\avr-embedded\rtl\system.o
 .text.n_system_ss_movesformalsformalssmallint
                0x00000000       0x38 C:\OLD_DISK\C_DISK\fpc-avr\units\avr-embedded\rtl\system.o
 .text.n_system_ss_sptrsspointer
                0x00000000        0x6 C:\OLD_DISK\C_DISK\fpc-avr\units\avr-embedded\rtl\system.o
 .text.n_system_ss_fpc_divmod_bytesbytesbytessbyte
                0x00000000       0x1a C:\OLD_DISK\C_DISK\fpc-avr\units\avr-embedded\rtl\system.o
 .text.n_system_ss_fpc_divmod_wordswordswordssword
                0x00000000       0x24 C:\OLD_DISK\C_DISK\fpc-avr\units\avr-embedded\rtl\system.o
 .text.n_fpc_div_byte
                0x00000000       0x10 C:\OLD_DISK\C_DISK\fpc-avr\units\avr-embedded\rtl\system.o
 .text.n_fpc_mod_byte
                0x00000000       0x10 C:\OLD_DISK\C_DISK\fpc-avr\units\avr-embedded\rtl\system.o
 .text.n_fpc_div_word
                0x00000000       0x12 C:\OLD_DISK\C_DISK\fpc-avr\units\avr-embedded\rtl\system.o
 .text.n_fpc_mod_word
                0x00000000       0x12 C:\OLD_DISK\C_DISK\fpc-avr\units\avr-embedded\rtl\system.o
 .text.n_fpc_mod_dword
                0x00000000       0x14 C:\OLD_DISK\C_DISK\fpc-avr\units\avr-embedded\rtl\system.o
 .text.n_fpc_shr_qword
                0x00000000       0x36 C:\OLD_DISK\C_DISK\fpc-avr\units\avr-embedded\rtl\system.o
 .text.n_fpc_shl_qword
                0x00000000       0x36 C:\OLD_DISK\C_DISK\fpc-avr\units\avr-embedded\rtl\system.o
 .text.n_fpc_mod_qword
                0x00000000       0xc8 C:\OLD_DISK\C_DISK\fpc-avr\units\avr-embedded\rtl\system.o
 .text.n_fpc_mod_int64
                0x00000000       0x78 C:\OLD_DISK\C_DISK\fpc-avr\units\avr-embedded\rtl\system.o
 .text.n_fpc_setjmp
                0x00000000       0x42 C:\OLD_DISK\C_DISK\fpc-avr\units\avr-embedded\rtl\system.o
 .text.n_fpc_longjmp
                0x00000000       0x48 C:\OLD_DISK\C_DISK\fpc-avr\units\avr-embedded\rtl\system.o
 .text.n_system_ss_fpc_cpuinit
                0x00000000        0x2 C:\OLD_DISK\C_DISK\fpc-avr\units\avr-embedded\rtl\system.o
 .text.n_system_ss_fillcharsformalssmallintsbyte
                0x00000000       0x1e C:\OLD_DISK\C_DISK\fpc-avr\units\avr-embedded\rtl\system.o
 .text.n_system_ss_interlockeddecrementslongintsslongint
                0x00000000       0x26 C:\OLD_DISK\C_DISK\fpc-avr\units\avr-embedded\rtl\system.o
 .text.n_system_ss_interlockedincrementslongintsslongint
                0x00000000       0x28 C:\OLD_DISK\C_DISK\fpc-avr\units\avr-embedded\rtl\system.o
 .text.n_system_ss_interlockedexchangeslongintslongintsslongint
                0x00000000       0x2c C:\OLD_DISK\C_DISK\fpc-avr\units\avr-embedded\rtl\system.o
 .text.n_system_ss_interlockedcompareexchangeslongintslongintslongintsslongint
                0x00000000       0x46 C:\OLD_DISK\C_DISK\fpc-avr\units\avr-embedded\rtl\system.o
 .text.n_system_ss_interlockedexchangeaddslongintslongintsslongint
                0x00000000       0x34 C:\OLD_DISK\C_DISK\fpc-avr\units\avr-embedded\rtl\system.o
 .text.n_system_ss_interlockeddecrementssmallintsssmallint
                0x00000000       0x1a C:\OLD_DISK\C_DISK\fpc-avr\units\avr-embedded\rtl\system.o
 .text.n_system_ss_interlockedincrementssmallintsssmallint
                0x00000000       0x1c C:\OLD_DISK\C_DISK\fpc-avr\units\avr-embedded\rtl\system.o
 .text.n_system_ss_interlockedexchangessmallintssmallintsssmallint
                0x00000000       0x16 C:\OLD_DISK\C_DISK\fpc-avr\units\avr-embedded\rtl\system.o
 .text.n_system_ss_interlockedcompareexchangessmallintssmallintssmallintsssmallint
                0x00000000       0x20 C:\OLD_DISK\C_DISK\fpc-avr\units\avr-embedded\rtl\system.o
 .text.n_system_ss_interlockedexchangeaddssmallintssmallintsssmallint
                0x00000000       0x1a C:\OLD_DISK\C_DISK\fpc-avr\units\avr-embedded\rtl\system.o
[...]
Memory Configuration

Name             Origin             Length             Attributes
text             0x00000000         0x00008000         xr
data             0x00800100         0x00000800         rw !x
eeprom           0x00810000         0x00000400         rw !x
fuse             0x00820000         0x00000400         rw !x
lock             0x00830000         0x00000400         rw !x
signature        0x00840000         0x00000400         rw !x
*default*        0x00000000         0xffffffff

Linker script and memory map

LOAD pff_ard.o
LOAD C:\OLD_DISK\C_DISK\fpc-avr\units\avr-embedded\rtl\system.o
LOAD C:\OLD_DISK\C_DISK\fpc-avr\units\avr-embedded\rtl\objpas.o
LOAD C:\OLD_DISK\C_DISK\fpc-avr\units\avr-embedded\rtl\atmega328p.o
LOAD pff.o
LOAD uart.o
LOAD disk_io.o
LOAD spi.o
                0x000008ff                _stack_top = 0x8ff

.hash
 *(.hash)

.dynsym
 *(.dynsym)

.dynstr
 *(.dynstr)

.gnu.version
 *(.gnu.version)

.gnu.version_d
 *(.gnu.version_d)

.gnu.version_r
 *(.gnu.version_r)

.rel.init
 *(.rel.init)

.rela.init
 *(.rela.init)

.rel.text
 *(.rel.text)
 *(.rel.text.*)
 *(.rel.gnu.linkonce.t*)

.rela.text
 *(.rela.text)
 *(.rela.text.*)
 *(.rela.gnu.linkonce.t*)

.rel.fini
 *(.rel.fini)

.rela.fini
 *(.rela.fini)

.rel.rodata
 *(.rel.rodata)
 *(.rel.rodata.*)
 *(.rel.gnu.linkonce.r*)

.rela.rodata
 *(.rela.rodata)
 *(.rela.rodata.*)
 *(.rela.gnu.linkonce.r*)

.rel.data
 *(.rel.data)
 *(.rel.data.*)
 *(.rel.gnu.linkonce.d*)

.rela.data
 *(.rela.data)
 *(.rela.data.*)
 *(.rela.gnu.linkonce.d*)

.rel.ctors
 *(.rel.ctors)

.rela.ctors
 *(.rela.ctors)

.rel.dtors
 *(.rel.dtors)

.rela.dtors
 *(.rela.dtors)

.rel.got
 *(.rel.got)

.rela.got
 *(.rela.got)

.rel.bss
 *(.rel.bss)

.rela.bss
 *(.rela.bss)

.rel.plt
 *(.rel.plt)

.rela.plt
 *(.rela.plt)

.text           0x00000000     0x2dcc
 *(.init .init.*)
 .init.n_atmega328p_ss__fpc_start
                0x00000000       0x9e C:\OLD_DISK\C_DISK\fpc-avr\units\avr-embedded\rtl\atmega328p.o
                0x00000000                _START
 *(.progmem.gcc*)
 *(.progmem*)
                0x0000009e                . = ALIGN (0x2)
                0x0000009e                __trampolines_start = .
 *(.trampolines)
 .trampolines   0x0000009e        0x0 linker stubs
 *(.trampolines*)
                0x0000009e                __trampolines_end = .
 *(.jumptables)
 *(.jumptables*)
 *(.lowtext)
 *(.lowtext*)
                0x0000009e                __ctors_start = .
 *(.ctors)
                0x0000009e                __ctors_end = .
                0x0000009e                __dtors_start = .
 *(.dtors)
                0x0000009e                __dtors_end = .
 SORT(*)(.ctors)
 SORT(*)(.dtors)
 *(.init0)
 *(.init0)
 *(.init1)
 *(.init1)
 *(.init2)
 *(.init2)
 *(.init3)
 *(.init3)
 *(.init4)
 *(.init4)
 *(.init5)
 *(.init5)
 *(.init6)
 *(.init6)
 *(.init7)
 *(.init7)
 *(.init8)
 *(.init8)
 *(.init9)
 *(.init9)
 *(.text)
                0x0000009e                . = ALIGN (0x2)
 *(.text.*)
 .text.n_pspff_ard_ss_t_dirspcharssboolean
                0x0000009e       0xae pff_ard.o
                0x0000009e                PsPFF_ARD_ss_T_DIRsPCHARssBOOLEAN
 .text.n_pspff_ard_ss_t_catspcharslongwordssboolean
                0x0000014c      0x170 pff_ard.o
                0x0000014c                PsPFF_ARD_ss_T_CATsPCHARsLONGWORDssBOOLEAN
 .text.n_pspff_ard_ss_t_readspcharssboolean
                0x000002bc      0x102 pff_ard.o
                0x000002bc                PsPFF_ARD_ss_T_READsPCHARssBOOLEAN
 .text.n_pspff_ard_ss_t_writespcharssboolean
                0x000003be      0x124 pff_ard.o
                0x000003be                PsPFF_ARD_ss_T_WRITEsPCHARssBOOLEAN
 .text.n_main   0x000004e2       0x9a pff_ard.o
                0x000004e2                PASCALMAIN
                0x000004e2                main
 .text.n_FPC_INIT_FUNC_TABLE
                0x0000057c        0x2 pff_ard.o
                0x0000057c                FPC_INIT_FUNC_TABLE
 .text.n_FPC_FINALIZE_FUNC_TABLE
                0x0000057e        0x2 pff_ard.o
                0x0000057e                FPC_FINALIZE_FUNC_TABLE
 .text.n_system_ss_get_framesspointer
                0x00000580        0x2 C:\OLD_DISK\C_DISK\fpc-avr\units\avr-embedded\rtl\system.o
                0x00000580                SYSTEM_ss_GET_FRAMEssPOINTER
 .text.n_system_ss_get_caller_addrspointerspointersspointer
                0x00000582        0x2 C:\OLD_DISK\C_DISK\fpc-avr\units\avr-embedded\rtl\system.o
                0x00000582                SYSTEM_ss_GET_CALLER_ADDRsPOINTERsPOINTERssPOINTER
 .text.n_system_ss_get_caller_framespointerspointersspointer
                0x00000584        0x2 C:\OLD_DISK\C_DISK\fpc-avr\units\avr-embedded\rtl\system.o
                0x00000584                SYSTEM_ss_GET_CALLER_FRAMEsPOINTERsPOINTERssPOINTER
 .text.n_system_ss_fpc_divmod_dwordslongwordslongwordsslongword
                0x00000586       0x4a C:\OLD_DISK\C_DISK\fpc-avr\units\avr-embedded\rtl\system.o
 .text.n_fpc_div_dword
                0x000005d0       0x18 C:\OLD_DISK\C_DISK\fpc-avr\units\avr-embedded\rtl\system.o
                0x000005d0                FPC_DIV_DWORD
                0x000005d0                fpc_div_dword
 .text.n_fpc_div_qword
                0x000005e8       0xc8 C:\OLD_DISK\C_DISK\fpc-avr\units\avr-embedded\rtl\system.o
                0x000005e8                fpc_div_qword
                0x000005e8                FPC_DIV_QWORD
 .text.n_fpc_div_int64
                0x000006b0       0x7a C:\OLD_DISK\C_DISK\fpc-avr\units\avr-embedded\rtl\system.o
                0x000006b0                fpc_div_int64
                0x000006b0                FPC_DIV_INT64
 .text.n_system_ss_indexbytesformalssmallintsbytesssmallint
                0x0000072a       0x64 C:\OLD_DISK\C_DISK\fpc-avr\units\avr-embedded\rtl\system.o
                0x0000072a                SYSTEM_ss_INDEXBYTEsformalsSMALLINTsBYTEssSMALLINT
 .text.n_fpc_pchar_length
                0x0000078e       0x1e C:\OLD_DISK\C_DISK\fpc-avr\units\avr-embedded\rtl\system.o
                0x0000078e                fpc_pchar_length
                0x0000078e                FPC_PCHAR_LENGTH
 .text.n_fpc_mul_dword
                0x000007ac       0x8e C:\OLD_DISK\C_DISK\fpc-avr\units\avr-embedded\rtl\system.o
                0x000007ac                fpc_mul_dword
                0x000007ac                FPC_MUL_DWORD
 .text.n_system_ss_get_pc_addrsspointer
                0x0000083a        0x6 C:\OLD_DISK\C_DISK\fpc-avr\units\avr-embedded\rtl\system.o
                0x0000083a                SYSTEM_ss_GET_PC_ADDRssPOINTER
 .text.n_system_ss_get_caller_stackinfospointerspointer
                0x00000840       0x54 C:\OLD_DISK\C_DISK\fpc-avr\units\avr-embedded\rtl\system.o
                0x00000840                SYSTEM_ss_GET_CALLER_STACKINFOsPOINTERsPOINTER
 .text.n_fpc_divbyzero
                0x00000894       0x26 C:\OLD_DISK\C_DISK\fpc-avr\units\avr-embedded\rtl\system.o
                0x00000894                fpc_divbyzero
                0x00000894                FPC_DIVBYZERO
 .text.n_system_ss_internalexit
                0x000008ba        0x6 C:\OLD_DISK\C_DISK\fpc-avr\units\avr-embedded\rtl\system.o
 .text.n_fpc_do_exit
                0x000008c0        0xa C:\OLD_DISK\C_DISK\fpc-avr\units\avr-embedded\rtl\system.o
                0x000008c0                fpc_do_exit
                0x000008c0                FPC_DO_EXIT
 .text.n_system_ss_haltslongint
                0x000008ca        0x6 C:\OLD_DISK\C_DISK\fpc-avr\units\avr-embedded\rtl\system.o
                0x000008ca                SYSTEM_ss_HALTsLONGINT
 .text.n_system_ss_handleerroraddrframeslongintspointerspointer
                0x000008d0       0x7e C:\OLD_DISK\C_DISK\fpc-avr\units\avr-embedded\rtl\system.o
                0x000008d0                SYSTEM_ss_HANDLEERRORADDRFRAMEsLONGINTsPOINTERsPOINTER
                0x000008d0                FPC_BREAK_ERROR
 .text.n_system_ss_handleerroraddrframeindslongintspointerspointer
                0x0000094e       0x6a C:\OLD_DISK\C_DISK\fpc-avr\units\avr-embedded\rtl\system.o
 .text.n_SYSTEM_ss_SYSTEM_EXIT
                0x000009b8        0x4 C:\OLD_DISK\C_DISK\fpc-avr\units\avr-embedded\rtl\system.o
                0x000009b8                SYSTEM_ss_SYSTEM_EXIT
 .text.n_atmega328p_ss__fpc_haltproc
                0x000009bc        0x4 C:\OLD_DISK\C_DISK\fpc-avr\units\avr-embedded\rtl\atmega328p.o
                0x000009bc                ATMEGA328P_ss__FPC_HALTPROC
                0x000009bc                _haltproc
 .text.n_atmega328p_ss_default_irq_handler
                0x000009c0        0x2 C:\OLD_DISK\C_DISK\fpc-avr\units\avr-embedded\rtl\atmega328p.o
                0x000009c0                PCINT2_ISR
                0x000009c0                TIMER1_COMPB_ISR
                0x000009c0                EE_READY_ISR
                0x000009c0                TIMER0_OVF_ISR
                0x000009c0                ADC_ISR
                0x000009c0                USART__UDRE_ISR
                0x000009c0                ANALOG_COMP_ISR
                0x000009c0                TIMER2_OVF_ISR
                0x000009c0                TIMER2_COMPA_ISR
                0x000009c0                SPM_Ready_ISR
                0x000009c0                _Default_IRQ_handler
                0x000009c0                INT0_ISR
                0x000009c0                TIMER1_OVF_ISR
                0x000009c0                PCINT1_ISR
                0x000009c0                TIMER1_CAPT_ISR
                0x000009c0                PCINT0_ISR
                0x000009c0                USART__TX_ISR
                0x000009c0                SPI__STC_ISR
                0x000009c0                TIMER1_COMPA_ISR
                0x000009c0                USART__RX_ISR
                0x000009c0                TWI_ISR
                0x000009c0                WDT_ISR
                0x000009c0                TIMER2_COMPB_ISR
                0x000009c0                TIMER0_COMPA_ISR
                0x000009c0                TIMER0_COMPB_ISR
                0x000009c0                ATMEGA328P_ss_DEFAULT_IRQ_HANDLER
                0x000009c0                INT1_ISR
 .text.n_pff_ss_isdbcs1ssmallintssboolean
                0x000009c2        0x4 pff.o
 .text.n_pff_ss_ld_wordspbytessword
                0x000009c6        0x8 pff.o
 .text.n_pff_ss_ld_dwordspbytesslongword
                0x000009ce        0xc pff.o
 .text.n_pff_ss_mem_setspcharscharssmallint
                0x000009da       0x1c pff.o
 .text.n_pff_ss_mem_cmpspcharspcharssmallintsssmallint
                0x000009f6       0x48 pff.o
 .text.n_pff_ss_get_fatslongwordsslongword
                0x00000a3e      0x2fe pff.o
 .text.n_pff_ss_clust2sectslongwordsslongword
                0x00000d3c       0xbe pff.o
 .text.n_pff_ss_get_clustspbytesslongword
                0x00000dfa       0x6c pff.o
 .text.n_pff_ss_dir_rewindsdirssfresult
                0x00000e66       0xd4 pff.o
 .text.n_pff_ss_dir_nextsdirssfresult
                0x00000f3a      0x15a pff.o
 .text.n_pff_ss_dir_findsdirspbytessfresult
                0x00001094       0xb2 pff.o
 .text.n_pff_ss_dir_readsdirspbytessfresult
                0x00001146       0xe6 pff.o
 .text.n_pff_ss_create_namesdirspcharssfresult
                0x0000122c       0xfe pff.o
 .text.n_pff_ss_get_fileinfosdirspbytesfilinfo
                0x0000132a       0xec pff.o
 .text.n_pff_ss_follow_pathsdirspbytespcharssfresult
                0x00001416       0xf4 pff.o
 .text.n_pff_ss_check_fsspbyteslongwordssbyte
                0x0000150a       0xb8 pff.o
 .text.n_pff_ss_pf_mountsfatfsssfresult
                0x000015c2      0x3c2 pff.o
                0x000015c2                PFF_ss_PF_MOUNTsFATFSssFRESULT
 .text.n_pff_ss_pf_openspcharssfresult
                0x00001984       0xf4 pff.o
                0x00001984                PFF_ss_PF_OPENsPCHARssFRESULT
 .text.n_pff_ss_pf_readspointersnativeuintsnativeuintssfresult
                0x00001a78      0x37a pff.o
                0x00001a78                PFF_ss_PF_READsPOINTERsNATIVEUINTsNATIVEUINTssFRESULT
 .text.n_pff_ss_pf_lseekslongwordssfresult
                0x00001df2      0x49e pff.o
                0x00001df2                PFF_ss_PF_LSEEKsLONGWORDssFRESULT
 .text.n_pff_ss_pf_writespointersnativeuintsnativeuintssfresult
                0x00002290      0x422 pff.o
                0x00002290                PFF_ss_PF_WRITEsPOINTERsNATIVEUINTsNATIVEUINTssFRESULT
 .text.n_pff_ss_pf_opendirsdirspcharssfresult
                0x000026b2       0xa6 pff.o
                0x000026b2                PFF_ss_PF_OPENDIRsDIRsPCHARssFRESULT
 .text.n_pff_ss_pf_readdirsdirsfilinfossfresult
                0x00002758       0xa2 pff.o
                0x00002758                PFF_ss_PF_READDIRsDIRsFILINFOssFRESULT
 .text.n_uart_ss_uart_init
                0x000027fa       0x1c uart.o
                0x000027fa                UART_ss_UART_INIT
 .text.n_uart_ss_uart_putcschar
                0x00002816       0x10 uart.o
                0x00002816                UART_ss_UART_PUTCsCHAR
 .text.n_uart_ss_uart_xputcsbyte
                0x00002826       0x4a uart.o
                0x00002826                UART_ss_UART_XPUTCsBYTE
 .text.n_uart_ss_uart_putsspchar
                0x00002870       0x24 uart.o
                0x00002870                UART_ss_UART_PUTSsPCHAR
 .text.n_disk_io_ss_send_cmdsbyteslongwordssbyte
                0x00002894       0xb2 disk_io.o
 .text.n_disk_io_ss_disk_initializessbyte
                0x00002946      0x1fe disk_io.o
                0x00002946                DISK_IO_ss_DISK_INITIALIZEssBYTE
 .text.n_disk_io_ss_disk_readpspbyteslongwordsnativeuintsnativeuintssdresult
                0x00002b44      0x11e disk_io.o
                0x00002b44                DISK_IO_ss_DISK_READPsPBYTEsLONGWORDsNATIVEUINTsNATIVEUINTssDRESULT
 .text.n_disk_io_ss_disk_writepspointerslongwordssdresult
                0x00002c62      0x152 disk_io.o
                0x00002c62                DISK_IO_ss_DISK_WRITEPsPOINTERsLONGWORDssDRESULT
 .text.n_spi_ss_spi_init_master
                0x00002db4        0xc spi.o
                0x00002db4                SPI_ss_SPI_INIT_MASTER
 .text.n_spi_ss_spi_transceiversbytessbyte
                0x00002dc0        0xc spi.o
                0x00002dc0                SPI_ss_SPI_TRANSCEIVERsBYTEssBYTE
                0x00002dcc                . = ALIGN (0x2)
 *(.fini9)
 *(.fini9)
 *(.fini8)
 *(.fini8)
 *(.fini7)
 *(.fini7)
 *(.fini6)
 *(.fini6)
 *(.fini5)
 *(.fini5)
 *(.fini4)
 *(.fini4)
 *(.fini3)
 *(.fini3)
 *(.fini2)
 *(.fini2)
 *(.fini1)
 *(.fini1)
 *(.fini0)
 *(.fini0)
                0x00002dcc                _etext = .

.data           0x00800100      0x13e load address 0x00002dcc
                0x00800100                PROVIDE (__data_start, .)
 *(.data)
 *(.data*)
 .data.n_TC_sPsPFF_ARD_ss_DIR_F
                0x00800100        0x2 pff_ard.o
 .data.n_TC_sPsPFF_ARD_ss_DIR_OK
                0x00800102        0x2 pff_ard.o
 .data.n_TC_sPsPFF_ARD_ss_DIR_ERR
                0x00800104        0x2 pff_ard.o
 .data.n_TC_sPsPFF_ARD_ss_CAT_F
                0x00800106        0x2 pff_ard.o
 .data.n_TC_sPsPFF_ARD_ss_CAT_OK
                0x00800108        0x2 pff_ard.o
 .data.n_TC_sPsPFF_ARD_ss_CAT_ERR
                0x0080010a        0x2 pff_ard.o
 .data.n_TC_sPsPFF_ARD_ss_READ_F
                0x0080010c        0x2 pff_ard.o
 .data.n_TC_sPsPFF_ARD_ss_READ_OK
                0x0080010e        0x2 pff_ard.o
 .data.n_TC_sPsPFF_ARD_ss_READ_ERR
                0x00800110        0x2 pff_ard.o
 .data.n_TC_sPsPFF_ARD_ss_WRITE_F
                0x00800112        0x2 pff_ard.o
 .data.n_TC_sPsPFF_ARD_ss_WRITE_OK
                0x00800114        0x2 pff_ard.o
 .data.n_TC_sPsPFF_ARD_ss_WRITE_ERR
                0x00800116        0x2 pff_ard.o
 .data.n_TC_sPsPFF_ARD_ss_WRITE_PATTERN
                0x00800118        0x2 pff_ard.o
 .data.n_TC_sSYSTEM_ss_ERRORADDR
                0x0080011a        0x2 C:\OLD_DISK\C_DISK\fpc-avr\units\avr-embedded\rtl\system.o
                0x0080011a                TC_sSYSTEM_ss_ERRORADDR
 .data.n_TC_sSYSTEM_ss_ERRORCODE
                0x0080011c        0x2 C:\OLD_DISK\C_DISK\fpc-avr\units\avr-embedded\rtl\system.o
                0x0080011c                TC_sSYSTEM_ss_ERRORCODE
 .data.n_TC_sSYSTEM_ss_ERRORPROC
                0x0080011e        0x2 C:\OLD_DISK\C_DISK\fpc-avr\units\avr-embedded\rtl\system.o
                0x0080011e                TC_sSYSTEM_ss_ERRORPROC
 .data.n_FPC_ERRORBASE
                0x00800120        0x2 C:\OLD_DISK\C_DISK\fpc-avr\units\avr-embedded\rtl\system.o
                0x00800120                FPC_ERRORBASE
 .data.n_TC_sUARTs_sUART_XPUTCsBYTE_ss_HEXBYTE
                0x00800122       0x10 uart.o
 .data.n_TC_sDISK_IOs_sDISK_WRITEPsPOINTERsLONGWORDssDRESULT_ss_WC
                0x00800132        0x2 disk_io.o
 *(.rodata)
 *(.rodata*)
 .rodata.n_.Ld1
                0x00800134        0xc pff_ard.o
 .rodata.n_.Ld2
                0x00800140        0xb pff_ard.o
 .rodata.n_.Ld3
                0x0080014b        0xc pff_ard.o
 .rodata.n_.Ld4
                0x00800157        0xc pff_ard.o
 .rodata.n_.Ld5
                0x00800163        0xb pff_ard.o
 .rodata.n_.Ld6
                0x0080016e        0xc pff_ard.o
 .rodata.n_.Ld7
                0x0080017a        0xd pff_ard.o
 .rodata.n_.Ld8
                0x00800187        0xc pff_ard.o
 .rodata.n_.Ld9
                0x00800193        0xd pff_ard.o
 .rodata.n_.Ld10
                0x008001a0        0xe pff_ard.o
 .rodata.n_.Ld11
                0x008001ae        0xd pff_ard.o
 .rodata.n_.Ld12
                0x008001bb        0xe pff_ard.o
 .rodata.n_.Ld13
                0x008001c9       0x12 pff_ard.o
 .rodata.n__sPFF_ARDs_Ld14
                0x008001db        0x3 pff_ard.o
                0x008001db                _sPFF_ARDs_Ld14
 .rodata.n__sPFF_ARDs_Ld15
                0x008001de        0x3 pff_ard.o
                0x008001de                _sPFF_ARDs_Ld15
 .rodata.n__sPFF_ARDs_Ld16
                0x008001e1       0x17 pff_ard.o
                0x008001e1                _sPFF_ARDs_Ld16
 .rodata.n__sPFF_ARDs_Ld17
                0x008001f8        0x1 pff_ard.o
                0x008001f8                _sPFF_ARDs_Ld17
 .rodata.n__sPFF_ARDs_Ld18
                0x008001f9        0x6 pff_ard.o
                0x008001f9                _sPFF_ARDs_Ld18
 .rodata.n__sPFF_ARDs_Ld19
                0x008001ff        0xd pff_ard.o
                0x008001ff                _sPFF_ARDs_Ld19
 .rodata.n__sPFF_ARDs_Ld20
                0x0080020c        0xc pff_ard.o
                0x0080020c                _sPFF_ARDs_Ld20
 .rodata.n__sPFF_ARDs_Ld21
                0x00800218        0x7 pff_ard.o
                0x00800218                _sPFF_ARDs_Ld21
 .rodata.n__sPFF_ARDs_Ld22
                0x0080021f        0x8 pff_ard.o
                0x0080021f                _sPFF_ARDs_Ld22
 .rodata.n__sPFF_ARDs_Ld23
                0x00800227        0x8 pff_ard.o
                0x00800227                _sPFF_ARDs_Ld23
 .rodata.n__sPFF_ARDs_Ld24
                0x0080022f        0xf pff_ard.o
                0x0080022f                _sPFF_ARDs_Ld24
 *(.gnu.linkonce.d*)
                0x0080023e                . = ALIGN (0x2)
                0x0080023e                _edata = .
                0x0080023e                PROVIDE (__data_end, .)

.bss            0x0080023e       0x58
                0x0080023e                PROVIDE (__bss_start, .)
 *(.bss)
 *(.bss*)
 .bss.n_u_spspff_ard_ss_fs
                0x0080023e       0x2c pff_ard.o
 .bss.n_u_spspff_ard_ss_dr
                0x0080026a       0x10 pff_ard.o
 .bss.n_u_spspff_ard_ss_fi
                0x0080027a       0x18 pff_ard.o
 .bss.n_u_spspff_ard_ss_fr
                0x00800292        0x1 pff_ard.o
 .bss.n_u_spff_ss_ifatfs
                0x00800293        0x2 pff.o
 .bss.n_u_sdisk_io_ss_cardtype
                0x00800295        0x1 disk_io.o
 *(COMMON)
                0x00800296                PROVIDE (__bss_end, .)
                0x00002dcc                __data_load_start = LOADADDR (.data)
                0x00002f0a                __data_load_end = (__data_load_start + SIZEOF (.data))

.noinit         0x00800296        0x0
                [!provide]                PROVIDE (__noinit_start, .)
 *(.noinit*)
                [!provide]                PROVIDE (__noinit_end, .)
                0x00800296                _end = .
                [!provide]                PROVIDE (__heap_start, .)

.eeprom         0x00810000        0x0
 *(.eeprom*)
                0x00810000                __eeprom_end = .

.fuse
 *(.fuse)
 *(.lfuse)
 *(.hfuse)
 *(.efuse)

.lock
 *(.lock*)

.signature
 *(.signature*)

.stab
 *(.stab)

.stabstr
 *(.stabstr)

.stab.excl
 *(.stab.excl)

.stab.exclstr
 *(.stab.exclstr)

.stab.index
 *(.stab.index)

.stab.indexstr
 *(.stab.indexstr)

.comment
 *(.comment)

.debug
 *(.debug)

.line
 *(.line)

.debug_srcinfo
 *(.debug_srcinfo)

.debug_sfnames
 *(.debug_sfnames)

.debug_aranges  0x00000000       0x2a
 *(.debug_aranges)
 .debug_aranges
                0x00000000       0x2a C:\OLD_DISK\C_DISK\fpc-avr\units\avr-embedded\rtl\atmega328p.o

.debug_pubnames
 *(.debug_pubnames)

.debug_info     0x00000000      0xf76
 *(.debug_info)
 .debug_info    0x00000000      0xf76 C:\OLD_DISK\C_DISK\fpc-avr\units\avr-embedded\rtl\atmega328p.o
                0x00000f28                _sATMEGA328Ps_Ld1
                0x00000f3a                _sATMEGA328Ps_Ld2
                0x00000f3f                _sATMEGA328Ps_Ld5
                0x00000f59                _sATMEGA328Ps_Ld6
                0x00000f5e                _sATMEGA328Ps_Ld3
                0x00000f70                _sATMEGA328Ps_Ld4
 *(.gnu.linkonce.wi.*)

.debug_abbrev   0x00000000       0x65
 *(.debug_abbrev)
 .debug_abbrev  0x00000000       0x65 C:\OLD_DISK\C_DISK\fpc-avr\units\avr-embedded\rtl\atmega328p.o

.debug_line     0x00000000       0x8b
 *(.debug_line)
 .debug_line    0x00000000       0x8b C:\OLD_DISK\C_DISK\fpc-avr\units\avr-embedded\rtl\atmega328p.o

.debug_frame    0x00000000     0x1d4c
 *(.debug_frame)
 .debug_frame   0x00000000       0x54 pff_ard.o
 .debug_frame   0x00000054     0x1aa8 C:\OLD_DISK\C_DISK\fpc-avr\units\avr-embedded\rtl\system.o
 .debug_frame   0x00001afc       0x38 C:\OLD_DISK\C_DISK\fpc-avr\units\avr-embedded\rtl\atmega328p.o
 .debug_frame   0x00001b34      0x158 pff.o
 .debug_frame   0x00001c8c       0x50 uart.o
 .debug_frame   0x00001cdc       0x44 disk_io.o
 .debug_frame   0x00001d20       0x2c spi.o

.debug_str
 *(.debug_str)

.debug_loc
 *(.debug_loc)

.debug_macinfo
 *(.debug_macinfo)
OUTPUT(pff_ard.elf elf32-avr)
LOAD linker stubs

.debug_ranges   0x00000000        0x0
 .debug_ranges  0x00000000        0x0 C:\OLD_DISK\C_DISK\fpc-avr\units\avr-embedded\rtl\atmega328p.o
