
Discarded input sections

 .text          0x00000000        0x0 pff_ard.o
 .data          0x00000000        0x0 pff_ard.o
 .bss           0x00000000        0x0 pff_ard.o
 .bss.n_u_spspff_ard_ss_fr
                0x00000000        0x1 pff_ard.o
 .data.n_INITFINAL
                0x00000000        0x2 pff_ard.o
 .data.n_FPC_THREADVARTABLES
                0x00000000        0x4 pff_ard.o
 .data.n_FPC_RESOURCESTRINGTABLES
                0x00000000        0x2 pff_ard.o
 .data.n_FPC_WIDEINITTABLES
                0x00000000        0x2 pff_ard.o
 .data.n_FPC_RESSTRINITTABLES
                0x00000000        0x2 pff_ard.o
 .fpc.n_version
                0x00000000       0x29 pff_ard.o
 .data.n___stklen
                0x00000000        0x2 pff_ard.o
 .data.n___heapsize
                0x00000000        0x2 pff_ard.o
 .bss.n___fpc_initialheap
                0x00000000       0x80 pff_ard.o
 .data.n___fpc_valgrind
                0x00000000        0x2 pff_ard.o
 .text          0x00000000        0x0 E:\Arduino\fpc-avr\units\avr-embedded\rtl\system.o
 .data          0x00000000        0x0 E:\Arduino\fpc-avr\units\avr-embedded\rtl\system.o
 .bss           0x00000000        0x0 E:\Arduino\fpc-avr\units\avr-embedded\rtl\system.o
 .text.n_system_ss_movesformalsformalssmallint
                0x00000000       0x38 E:\Arduino\fpc-avr\units\avr-embedded\rtl\system.o
 .text.n_system_ss_sptrsspointer
                0x00000000        0x6 E:\Arduino\fpc-avr\units\avr-embedded\rtl\system.o
 .text.n_system_ss_fpc_divmod_bytesbytesbytessbyte
                0x00000000       0x1a E:\Arduino\fpc-avr\units\avr-embedded\rtl\system.o
 .text.n_system_ss_fpc_divmod_wordswordswordssword
                0x00000000       0x24 E:\Arduino\fpc-avr\units\avr-embedded\rtl\system.o
 .text.n_fpc_div_byte
                0x00000000       0x10 E:\Arduino\fpc-avr\units\avr-embedded\rtl\system.o
 .text.n_fpc_mod_byte
                0x00000000       0x10 E:\Arduino\fpc-avr\units\avr-embedded\rtl\system.o
 .text.n_fpc_div_word
                0x00000000       0x12 E:\Arduino\fpc-avr\units\avr-embedded\rtl\system.o
 .text.n_fpc_mod_word
                0x00000000       0x12 E:\Arduino\fpc-avr\units\avr-embedded\rtl\system.o
 .text.n_fpc_mod_dword
                0x00000000       0x14 E:\Arduino\fpc-avr\units\avr-embedded\rtl\system.o
 .text.n_fpc_shr_qword
                0x00000000       0x36 E:\Arduino\fpc-avr\units\avr-embedded\rtl\system.o
 .text.n_fpc_shl_qword
                0x00000000       0x36 E:\Arduino\fpc-avr\units\avr-embedded\rtl\system.o
 .text.n_fpc_div_qword
                0x00000000       0xc8 E:\Arduino\fpc-avr\units\avr-embedded\rtl\system.o
 .text.n_fpc_mod_qword
                0x00000000       0xc8 E:\Arduino\fpc-avr\units\avr-embedded\rtl\system.o
 .text.n_fpc_div_int64
                0x00000000       0x7a E:\Arduino\fpc-avr\units\avr-embedded\rtl\system.o
 .text.n_fpc_mod_int64
                0x00000000       0x78 E:\Arduino\fpc-avr\units\avr-embedded\rtl\system.o
 .text.n_fpc_setjmp
                0x00000000       0x42 E:\Arduino\fpc-avr\units\avr-embedded\rtl\system.o
 .text.n_system_ss_fpc_cpuinit
                0x00000000        0x2 E:\Arduino\fpc-avr\units\avr-embedded\rtl\system.o
 .text.n_system_ss_fillcharsformalssmallintsbyte
                0x00000000       0x1e E:\Arduino\fpc-avr\units\avr-embedded\rtl\system.o
 .text.n_system_ss_interlockeddecrementslongintsslongint
                0x00000000       0x26 E:\Arduino\fpc-avr\units\avr-embedded\rtl\system.o
 .text.n_system_ss_interlockedincrementslongintsslongint
                0x00000000       0x28 E:\Arduino\fpc-avr\units\avr-embedded\rtl\system.o
 .text.n_system_ss_interlockedexchangeslongintslongintsslongint
                0x00000000       0x2c E:\Arduino\fpc-avr\units\avr-embedded\rtl\system.o
 .text.n_system_ss_interlockedcompareexchangeslongintslongintslongintsslongint
                0x00000000       0x46 E:\Arduino\fpc-avr\units\avr-embedded\rtl\system.o
 .text.n_system_ss_interlockedexchangeaddslongintslongintsslongint
                0x00000000       0x34 E:\Arduino\fpc-avr\units\avr-embedded\rtl\system.o
 .text.n_system_ss_interlockeddecrementssmallintsssmallint
                0x00000000       0x1a E:\Arduino\fpc-avr\units\avr-embedded\rtl\system.o
 .text.n_system_ss_interlockedincrementssmallintsssmallint
                0x00000000       0x1c E:\Arduino\fpc-avr\units\avr-embedded\rtl\system.o
 .text.n_system_ss_interlockedexchangessmallintssmallintsssmallint
                0x00000000       0x16 E:\Arduino\fpc-avr\units\avr-embedded\rtl\system.o
 .text.n_system_ss_interlockedcompareexchangessmallintssmallintssmallintsssmallint
                0x00000000       0x20 E:\Arduino\fpc-avr\units\avr-embedded\rtl\system.o
 .text.n_system_ss_interlockedexchangeaddssmallintssmallintsssmallint
                0x00000000       0x1a E:\Arduino\fpc-avr\units\avr-embedded\rtl\system.o
 .text.n_system_ss_bsfbytesbytessbyte
[...]
Memory Configuration

Name             Origin             Length             Attributes
text             0x00000000         0x00008000         xr
data             0x00800100         0x00000800         rw !x
eeprom           0x00810000         0x00000400         rw !x
fuse             0x00820000         0x00000400         rw !x
lock             0x00830000         0x00000400         rw !x
signature        0x00840000         0x00000400         rw !x
*default*        0x00000000         0xffffffff

Linker script and memory map

LOAD pff_ard.o
LOAD E:\Arduino\fpc-avr\units\avr-embedded\rtl\system.o
LOAD E:\Arduino\fpc-avr\units\avr-embedded\rtl\objpas.o
LOAD E:\Arduino\fpc-avr\units\avr-embedded\rtl\atmega328p.o
LOAD pff.o
LOAD uart.o
LOAD disk_io.o
LOAD spi.o
                0x000008ff                _stack_top = 0x8ff

.hash
 *(.hash)

.dynsym
 *(.dynsym)

.dynstr
 *(.dynstr)

.gnu.version
 *(.gnu.version)

.gnu.version_d
 *(.gnu.version_d)

.gnu.version_r
 *(.gnu.version_r)

.rel.init
 *(.rel.init)

.rela.init
 *(.rela.init)

.rel.text
 *(.rel.text)
 *(.rel.text.*)
 *(.rel.gnu.linkonce.t*)

.rela.text
 *(.rela.text)
 *(.rela.text.*)
 *(.rela.gnu.linkonce.t*)

.rel.fini
 *(.rel.fini)

.rela.fini
 *(.rela.fini)

.rel.rodata
 *(.rel.rodata)
 *(.rel.rodata.*)
 *(.rel.gnu.linkonce.r*)

.rela.rodata
 *(.rela.rodata)
 *(.rela.rodata.*)
 *(.rela.gnu.linkonce.r*)

.rel.data
 *(.rel.data)
 *(.rel.data.*)
 *(.rel.gnu.linkonce.d*)

.rela.data
 *(.rela.data)
 *(.rela.data.*)
 *(.rela.gnu.linkonce.d*)

.rel.ctors
 *(.rel.ctors)

.rela.ctors
 *(.rela.ctors)

.rel.dtors
 *(.rel.dtors)

.rela.dtors
 *(.rela.dtors)

.rel.got
 *(.rel.got)

.rela.got
 *(.rela.got)

.rel.bss
 *(.rel.bss)

.rela.bss
 *(.rela.bss)

.rel.plt
 *(.rel.plt)

.rela.plt
 *(.rela.plt)

.text           0x00000000     0x2054
 *(.init .init.*)
 .init.n_atmega328p_ss__fpc_start
                0x00000000       0x9e E:\Arduino\fpc-avr\units\avr-embedded\rtl\atmega328p.o
                0x00000000                _START
 *(.progmem.gcc*)
 *(.progmem*)
                0x0000009e                . = ALIGN (0x2)
                0x0000009e                __trampolines_start = .
 *(.trampolines)
 .trampolines   0x0000009e        0x0 linker stubs
 *(.trampolines*)
                0x0000009e                __trampolines_end = .
 *(.jumptables)
 *(.jumptables*)
 *(.lowtext)
 *(.lowtext*)
                0x0000009e                __ctors_start = .
 *(.ctors)
                0x0000009e                __ctors_end = .
                0x0000009e                __dtors_start = .
 *(.dtors)
                0x0000009e                __dtors_end = .
 SORT(*)(.ctors)
 SORT(*)(.dtors)
 *(.init0)
 *(.init0)
 *(.init1)
 *(.init1)
 *(.init2)
 *(.init2)
 *(.init3)
 *(.init3)
 *(.init4)
 *(.init4)
 *(.init5)
 *(.init5)
 *(.init6)
 *(.init6)
 *(.init7)
 *(.init7)
 *(.init8)
 *(.init8)
 *(.init9)
 *(.init9)
 *(.text)
                0x0000009e                . = ALIGN (0x2)
 *(.text.*)
 .text.n_main   0x0000009e      0x160 pff_ard.o
                0x0000009e                PASCALMAIN
                0x0000009e                main
 .text.n_FPC_INIT_FUNC_TABLE
                0x000001fe        0x2 pff_ard.o
                0x000001fe                FPC_INIT_FUNC_TABLE
 .text.n_FPC_FINALIZE_FUNC_TABLE
                0x00000200        0x2 pff_ard.o
                0x00000200                FPC_FINALIZE_FUNC_TABLE
 .text.n_system_ss_get_framesspointer
                0x00000202        0x2 E:\Arduino\fpc-avr\units\avr-embedded\rtl\system.o
                0x00000202                SYSTEM_ss_GET_FRAMEssPOINTER
 .text.n_system_ss_get_caller_addrspointerspointersspointer
                0x00000204        0x2 E:\Arduino\fpc-avr\units\avr-embedded\rtl\system.o
                0x00000204                SYSTEM_ss_GET_CALLER_ADDRsPOINTERsPOINTERssPOINTER
 .text.n_system_ss_get_caller_framespointerspointersspointer
                0x00000206        0x2 E:\Arduino\fpc-avr\units\avr-embedded\rtl\system.o
                0x00000206                SYSTEM_ss_GET_CALLER_FRAMEsPOINTERsPOINTERssPOINTER
 .text.n_system_ss_fpc_divmod_dwordslongwordslongwordsslongword
                0x00000208       0x4a E:\Arduino\fpc-avr\units\avr-embedded\rtl\system.o
 .text.n_fpc_div_dword
                0x00000252       0x18 E:\Arduino\fpc-avr\units\avr-embedded\rtl\system.o
                0x00000252                FPC_DIV_DWORD
                0x00000252                fpc_div_dword
 .text.n_fpc_longjmp
                0x0000026a       0x48 E:\Arduino\fpc-avr\units\avr-embedded\rtl\system.o
                0x0000026a                fpc_longjmp
                0x0000026a                FPC_LONGJMP
 .text.n_fpc_mul_dword
                0x000002b2       0x8e E:\Arduino\fpc-avr\units\avr-embedded\rtl\system.o
                0x000002b2                fpc_mul_dword
                0x000002b2                FPC_MUL_DWORD
 .text.n_system_ss_pushexceptobjectstobjectspointerspointersspexceptobject
                0x00000340      0x1a2 E:\Arduino\fpc-avr\units\avr-embedded\rtl\system.o
 .text.n_system_ss_dounhandledexception
                0x000004e2       0xae E:\Arduino\fpc-avr\units\avr-embedded\rtl\system.o
 .text.n_fpc_raiseexception
                0x00000590       0xea E:\Arduino\fpc-avr\units\avr-embedded\rtl\system.o
                0x00000590                FPC_RAISEEXCEPTION
                0x00000590                fpc_raiseexception
 .text.n_system_ss_get_pc_addrsspointer
                0x0000067a        0x6 E:\Arduino\fpc-avr\units\avr-embedded\rtl\system.o
                0x0000067a                SYSTEM_ss_GET_PC_ADDRssPOINTER
 .text.n_system_ss_get_caller_stackinfospointerspointer
                0x00000680       0x54 E:\Arduino\fpc-avr\units\avr-embedded\rtl\system.o
                0x00000680                SYSTEM_ss_GET_CALLER_STACKINFOsPOINTERsPOINTER
 .text.n_fpc_divbyzero
                0x000006d4       0x26 E:\Arduino\fpc-avr\units\avr-embedded\rtl\system.o
                0x000006d4                fpc_divbyzero
                0x000006d4                FPC_DIVBYZERO
 .text.n_system_ss_internalexit
                0x000006fa        0x6 E:\Arduino\fpc-avr\units\avr-embedded\rtl\system.o
 .text.n_fpc_do_exit
                0x00000700        0xa E:\Arduino\fpc-avr\units\avr-embedded\rtl\system.o
                0x00000700                fpc_do_exit
                0x00000700                FPC_DO_EXIT
 .text.n_system_ss_haltslongint
                0x0000070a       0x36 E:\Arduino\fpc-avr\units\avr-embedded\rtl\system.o
                0x0000070a                SYSTEM_ss_HALTsLONGINT
 .text.n_system_ss_handleerroraddrframeslongintspointerspointer
                0x00000740       0x9c E:\Arduino\fpc-avr\units\avr-embedded\rtl\system.o
                0x00000740                SYSTEM_ss_HANDLEERRORADDRFRAMEsLONGINTsPOINTERsPOINTER
                0x00000740                FPC_BREAK_ERROR
 .text.n_system_ss_handleerroraddrframeindslongintspointerspointer
                0x000007dc       0x6a E:\Arduino\fpc-avr\units\avr-embedded\rtl\system.o
 .text.n_system_ss_runerrorsword
                0x00000846       0x6a E:\Arduino\fpc-avr\units\avr-embedded\rtl\system.o
                0x00000846                FPC_RUNERROR
                0x00000846                SYSTEM_ss_RUNERRORsWORD
 .text.n_system_ss_reallocmemspointerswordsspointer
                0x000008b0       0x14 E:\Arduino\fpc-avr\units\avr-embedded\rtl\system.o
                0x000008b0                SYSTEM_ss_REALLOCMEMsPOINTERsWORDssPOINTER
 .text.n_fpc_getmem
                0x000008c4       0x14 E:\Arduino\fpc-avr\units\avr-embedded\rtl\system.o
                0x000008c4                fpc_getmem
                0x000008c4                FPC_GETMEM
 .text.n_system_ss_stacktopsspointer
                0x000008d8        0x6 E:\Arduino\fpc-avr\units\avr-embedded\rtl\system.o
                0x000008d8                SYSTEM_ss_STACKTOPssPOINTER
 .text.n_SYSTEM_ss_SYSTEM_EXIT
                0x000008de        0x4 E:\Arduino\fpc-avr\units\avr-embedded\rtl\system.o
                0x000008de                SYSTEM_ss_SYSTEM_EXIT
 .text.n_atmega328p_ss__fpc_haltproc
                0x000008e2        0x4 E:\Arduino\fpc-avr\units\avr-embedded\rtl\atmega328p.o
                0x000008e2                ATMEGA328P_ss__FPC_HALTPROC
                0x000008e2                _haltproc
 .text.n_atmega328p_ss_default_irq_handler
                0x000008e6        0x2 E:\Arduino\fpc-avr\units\avr-embedded\rtl\atmega328p.o
                0x000008e6                PCINT2_ISR
                0x000008e6                TIMER1_COMPB_ISR
                0x000008e6                EE_READY_ISR
                0x000008e6                TIMER0_OVF_ISR
                0x000008e6                ADC_ISR
                0x000008e6                USART__UDRE_ISR
                0x000008e6                ANALOG_COMP_ISR
                0x000008e6                TIMER2_OVF_ISR
                0x000008e6                TIMER2_COMPA_ISR
                0x000008e6                SPM_Ready_ISR
                0x000008e6                _Default_IRQ_handler
                0x000008e6                INT0_ISR
                0x000008e6                TIMER1_OVF_ISR
                0x000008e6                PCINT1_ISR
                0x000008e6                TIMER1_CAPT_ISR
                0x000008e6                PCINT0_ISR
                0x000008e6                USART__TX_ISR
                0x000008e6                SPI__STC_ISR
                0x000008e6                TIMER1_COMPA_ISR
                0x000008e6                USART__RX_ISR
                0x000008e6                TWI_ISR
                0x000008e6                WDT_ISR
                0x000008e6                TIMER2_COMPB_ISR
                0x000008e6                TIMER0_COMPA_ISR
                0x000008e6                TIMER0_COMPB_ISR
                0x000008e6                ATMEGA328P_ss_DEFAULT_IRQ_HANDLER
                0x000008e6                INT1_ISR
 .text.n_pff_ss_isdbcs1ssmallintssboolean
                0x000008e8        0x4 pff.o
 .text.n_pff_ss_ld_wordspbytessword
                0x000008ec        0x8 pff.o
 .text.n_pff_ss_ld_dwordspbytesslongword
                0x000008f4        0xc pff.o
 .text.n_pff_ss_mem_setspcharscharssmallint
                0x00000900       0x1c pff.o
 .text.n_pff_ss_mem_cmpspcharspcharssmallintsssmallint
                0x0000091c       0x48 pff.o
 .text.n_pff_ss_get_fatslongwordsslongword
                0x00000964      0x114 pff.o
 .text.n_pff_ss_clust2sectslongwordsslongword
                0x00000a78       0xbe pff.o
 .text.n_pff_ss_get_clustspbytesslongword
                0x00000b36       0x46 pff.o
 .text.n_pff_ss_dir_rewindsdirssfresult
                0x00000b7c       0x86 pff.o
 .text.n_pff_ss_dir_nextsdirssfresult
                0x00000c02      0x15a pff.o
 .text.n_pff_ss_dir_findsdirspbytessfresult
                0x00000d5c       0xb2 pff.o
 .text.n_pff_ss_dir_readsdirspbytessfresult
                0x00000e0e       0xe6 pff.o
 .text.n_pff_ss_create_namesdirspcharssfresult
                0x00000ef4       0xfe pff.o
 .text.n_pff_ss_get_fileinfosdirspbytesfilinfo
                0x00000ff2       0xec pff.o
 .text.n_pff_ss_follow_pathsdirspbytespcharssfresult
                0x000010de       0xf4 pff.o
 .text.n_pff_ss_check_fsspbyteslongwordssbyte
                0x000011d2       0x8e pff.o
 .text.n_pff_ss_pf_mountsfatfsssfresult
                0x00001260      0x352 pff.o
                0x00001260                PFF_ss_PF_MOUNTsFATFSssFRESULT
 .text.n_pff_ss_pf_openspcharssfresult
                0x000015b2       0xf4 pff.o
                0x000015b2                PFF_ss_PF_OPENsPCHARssFRESULT
 .text.n_pff_ss_pf_readspointersnativeuintsnativeuintssfresult
                0x000016a6      0x376 pff.o
                0x000016a6                PFF_ss_PF_READsPOINTERsNATIVEUINTsNATIVEUINTssFRESULT
 .text.n_pff_ss_pf_opendirsdirspcharssfresult
                0x00001a1c       0xa6 pff.o
                0x00001a1c                PFF_ss_PF_OPENDIRsDIRsPCHARssFRESULT
 .text.n_pff_ss_pf_readdirsdirsfilinfossfresult
                0x00001ac2       0xa2 pff.o
                0x00001ac2                PFF_ss_PF_READDIRsDIRsFILINFOssFRESULT
 .text.n_pff_ss_pf_rewinddirsdirssfresult
                0x00001b64       0x58 pff.o
                0x00001b64                PFF_ss_PF_REWINDDIRsDIRssFRESULT
 .text.n_uart_ss_uart_init
                0x00001bbc       0x1c uart.o
                0x00001bbc                UART_ss_UART_INIT
 .text.n_uart_ss_uart_putcschar
                0x00001bd8       0x10 uart.o
                0x00001bd8                UART_ss_UART_PUTCsCHAR
 .text.n_uart_ss_uart_xputcsbyte
                0x00001be8       0x60 uart.o
                0x00001be8                UART_ss_UART_XPUTCsBYTE
 .text.n_uart_ss_uart_putsspchar
                0x00001c48       0x24 uart.o
                0x00001c48                UART_ss_UART_PUTSsPCHAR
 .text.n_disk_io_ss_send_cmdsbyteslongwordssbyte
                0x00001c6c       0xb2 disk_io.o
 .text.n_disk_io_ss_disk_initializessbyte
                0x00001d1e      0x1fe disk_io.o
                0x00001d1e                DISK_IO_ss_DISK_INITIALIZEssBYTE
 .text.n_disk_io_ss_disk_readpspointerslongwordsnativeuintsnativeuintssdresult
                0x00001f1c      0x120 disk_io.o
                0x00001f1c                DISK_IO_ss_DISK_READPsPOINTERsLONGWORDsNATIVEUINTsNATIVEUINTssDRESULT
 .text.n_spi_ss_spi_init_master
                0x0000203c        0xc spi.o
                0x0000203c                SPI_ss_SPI_INIT_MASTER
 .text.n_spi_ss_spi_transceiversbytessbyte
                0x00002048        0xc spi.o
                0x00002048                SPI_ss_SPI_TRANSCEIVERsBYTEssBYTE
                0x00002054                . = ALIGN (0x2)
 *(.fini9)
 *(.fini9)
 *(.fini8)
 *(.fini8)
 *(.fini7)
 *(.fini7)
 *(.fini6)
 *(.fini6)
 *(.fini5)
 *(.fini5)
 *(.fini4)
 *(.fini4)
 *(.fini3)
 *(.fini3)
 *(.fini2)
 *(.fini2)
 *(.fini1)
 *(.fini1)
 *(.fini0)
 *(.fini0)
                0x00002054                _etext = .

.data           0x00800100       0xb6 load address 0x00002054
                0x00800100                PROVIDE (__data_start, .)
 *(.data)
 *(.data*)
 .data.n_TC_sSYSTEM_ss_ERRORADDR
                0x00800100        0x2 E:\Arduino\fpc-avr\units\avr-embedded\rtl\system.o
                0x00800100                TC_sSYSTEM_ss_ERRORADDR
 .data.n_TC_sSYSTEM_ss_ERRORCODE
                0x00800102        0x2 E:\Arduino\fpc-avr\units\avr-embedded\rtl\system.o
                0x00800102                TC_sSYSTEM_ss_ERRORCODE
 .data.n_TC_sSYSTEM_ss_ERRORPROC
                0x00800104        0x2 E:\Arduino\fpc-avr\units\avr-embedded\rtl\system.o
                0x00800104                TC_sSYSTEM_ss_ERRORPROC
 .data.n_TC_sSYSTEM_ss_EXCEPTPROC
                0x00800106        0x2 E:\Arduino\fpc-avr\units\avr-embedded\rtl\system.o
                0x00800106                TC_sSYSTEM_ss_EXCEPTPROC
 .data.n_TC_sSYSTEM_ss_RAISEPROC
                0x00800108        0x2 E:\Arduino\fpc-avr\units\avr-embedded\rtl\system.o
                0x00800108                TC_sSYSTEM_ss_RAISEPROC
 .data.n_TC_sSYSTEM_ss_RAISEMAXFRAMECOUNT
                0x0080010a        0x4 E:\Arduino\fpc-avr\units\avr-embedded\rtl\system.o
                0x0080010a                TC_sSYSTEM_ss_RAISEMAXFRAMECOUNT
 .data.n_FPC_ERRORBASE
                0x0080010e        0x2 E:\Arduino\fpc-avr\units\avr-embedded\rtl\system.o
                0x0080010e                FPC_ERRORBASE
 .data.n_FPC_SYSTEM_MEMORYMANAGER
                0x00800110       0x18 E:\Arduino\fpc-avr\units\avr-embedded\rtl\system.o
                0x00800110                FPC_SYSTEM_MEMORYMANAGER
 *(.rodata)
 *(.rodata*)
 .rodata.n__sPFF_ARDs_Ld1
                0x00800128       0x18 pff_ard.o
                0x00800128                _sPFF_ARDs_Ld1
 .rodata.n__sPFF_ARDs_Ld2
                0x00800140        0x1 pff_ard.o
                0x00800140                _sPFF_ARDs_Ld2
 .rodata.n__sPFF_ARDs_Ld3
                0x00800141       0x1a pff_ard.o
                0x00800141                _sPFF_ARDs_Ld3
 .rodata.n__sPFF_ARDs_Ld4
                0x0080015b        0x3 pff_ard.o
                0x0080015b                _sPFF_ARDs_Ld4
 .rodata.n__sPFF_ARDs_Ld5
                0x0080015e       0x1b pff_ard.o
                0x0080015e                _sPFF_ARDs_Ld5
 .rodata.n__sPFF_ARDs_Ld6
                0x00800179        0x6 pff_ard.o
                0x00800179                _sPFF_ARDs_Ld6
 .rodata.n__sPFF_ARDs_Ld7
                0x0080017f       0x1e pff_ard.o
                0x0080017f                _sPFF_ARDs_Ld7
 .rodata.n__sPFF_ARDs_Ld8
                0x0080019d        0xd pff_ard.o
                0x0080019d                _sPFF_ARDs_Ld8
 .rodata.n__sPFF_ARDs_Ld9
                0x008001aa        0xc pff_ard.o
                0x008001aa                _sPFF_ARDs_Ld9
 *(.gnu.linkonce.d*)
                0x008001b6                . = ALIGN (0x2)
                0x008001b6                _edata = .
                0x008001b6                PROVIDE (__data_end, .)

.bss            0x008001b6       0xe4
                0x008001b6                PROVIDE (__bss_start, .)
 *(.bss)
 *(.bss*)
 .bss.n_u_spspff_ard_ss_fs
                0x008001b6       0x2c pff_ard.o
 .bss.n_u_spspff_ard_ss_dr
                0x008001e2       0x10 pff_ard.o
 .bss.n_u_spspff_ard_ss_fi
                0x008001f2       0x18 pff_ard.o
 .bss.n_u_spspff_ard_ss_bf
                0x0080020a       0x81 pff_ard.o
 .bss.n_u_spspff_ard_ss_br
                0x0080028b        0x2 pff_ard.o
 .bss.n_operatingsystem_result
                0x0080028d        0x4 E:\Arduino\fpc-avr\units\avr-embedded\rtl\system.o
                0x0080028d                operatingsystem_result
 .bss.n_u_ssystem_ss_exceptaddrstack
                0x00800291        0x2 E:\Arduino\fpc-avr\units\avr-embedded\rtl\system.o
 .bss.n_u_ssystem_ss_exceptobjectstack
                0x00800293        0x2 E:\Arduino\fpc-avr\units\avr-embedded\rtl\system.o
 .bss.n_u_ssystem_ss_excepttrylevel
                0x00800295        0x2 E:\Arduino\fpc-avr\units\avr-embedded\rtl\system.o
 .bss.n_u_spff_ss_ifatfs
                0x00800297        0x2 pff.o
 .bss.n_u_sdisk_io_ss_cardtype
                0x00800299        0x1 disk_io.o
 *(COMMON)
                0x0080029a                PROVIDE (__bss_end, .)
                0x00002054                __data_load_start = LOADADDR (.data)
                0x0000210a                __data_load_end = (__data_load_start + SIZEOF (.data))

.noinit         0x0080029a        0x0
                [!provide]                PROVIDE (__noinit_start, .)
 *(.noinit*)
                [!provide]                PROVIDE (__noinit_end, .)
                0x0080029a                _end = .
                [!provide]                PROVIDE (__heap_start, .)

.eeprom         0x00810000        0x0
 *(.eeprom*)
                0x00810000                __eeprom_end = .

.fuse
 *(.fuse)
 *(.lfuse)
 *(.hfuse)
 *(.efuse)

.lock
 *(.lock*)

.signature
 *(.signature*)

.stab
 *(.stab)

.stabstr
 *(.stabstr)

.stab.excl
 *(.stab.excl)

.stab.exclstr
 *(.stab.exclstr)

.stab.index
 *(.stab.index)

.stab.indexstr
 *(.stab.indexstr)

.comment
 *(.comment)

.debug
 *(.debug)

.line
 *(.line)

.debug_srcinfo
 *(.debug_srcinfo)

.debug_sfnames
 *(.debug_sfnames)

.debug_aranges  0x00000000       0x2a
 *(.debug_aranges)
 .debug_aranges
                0x00000000       0x2a E:\Arduino\fpc-avr\units\avr-embedded\rtl\atmega328p.o

.debug_pubnames
 *(.debug_pubnames)

.debug_info     0x00000000      0xf76
 *(.debug_info)
 .debug_info    0x00000000      0xf76 E:\Arduino\fpc-avr\units\avr-embedded\rtl\atmega328p.o
                0x00000f28                _sATMEGA328Ps_Ld1
                0x00000f3a                _sATMEGA328Ps_Ld2
                0x00000f3f                _sATMEGA328Ps_Ld5
                0x00000f59                _sATMEGA328Ps_Ld6
                0x00000f5e                _sATMEGA328Ps_Ld3
                0x00000f70                _sATMEGA328Ps_Ld4
 *(.gnu.linkonce.wi.*)

.debug_abbrev   0x00000000       0x65
 *(.debug_abbrev)
 .debug_abbrev  0x00000000       0x65 E:\Arduino\fpc-avr\units\avr-embedded\rtl\atmega328p.o

.debug_line     0x00000000       0x8b
 *(.debug_line)
 .debug_line    0x00000000       0x8b E:\Arduino\fpc-avr\units\avr-embedded\rtl\atmega328p.o

.debug_frame    0x00000000     0x2148
 *(.debug_frame)
 .debug_frame   0x00000000       0x24 pff_ard.o
 .debug_frame   0x00000024     0x1eec E:\Arduino\fpc-avr\units\avr-embedded\rtl\system.o
 .debug_frame   0x00001f10       0x38 E:\Arduino\fpc-avr\units\avr-embedded\rtl\atmega328p.o
 .debug_frame   0x00001f48      0x140 pff.o
 .debug_frame   0x00002088       0x50 uart.o
 .debug_frame   0x000020d8       0x44 disk_io.o
 .debug_frame   0x0000211c       0x2c spi.o

.debug_str
 *(.debug_str)

.debug_loc
 *(.debug_loc)

.debug_macinfo
 *(.debug_macinfo)
OUTPUT(pff_ard.elf elf32-avr)
LOAD linker stubs

.debug_ranges   0x00000000        0x0
 .debug_ranges  0x00000000        0x0 E:\Arduino\fpc-avr\units\avr-embedded\rtl\atmega328p.o
